Microchip MPLAB XC8 Compiler V2.46

Linker command line:

-W-3 \
  --edf=C:\Program Files\Microchip\xc8\v2.46\pic\dat\20240104201356_en.msgs \
  -cn -h+dist/default/debug\PROGRAM.debug.sym \
  --cmf=dist/default/debug\PROGRAM.debug.cmf -z -Q18F4620 \
  -oC:\Users\USER\AppData\Local\Temp\xcAscfs.\driver_tmp_3.o \
  --defsym=__MPLAB_BUILD=1 --fixupoverflow=error \
  -Mdist/default/debug/PROGRAM.debug.map \
  --md=C:\Users\USER\AppData\Local\Temp\xcAscfs.\driver_tmp_0.dat -E1 \
  -ver=XC8 Compiler --acfsm=1493 -ACODE=00h-0FFFFh -ACONST=00h-0FFFFh \
  -ASMALLCONST=01000h-010FFhx240 -AMEDIUMCONST=01000h-0FFFFh \
  -ACOMRAM=01h-07Fh -AABS1=00h-0F7Fh -ABIGRAM=01h-0F7Fh \
  -ARAM=080h-0FFh,0100h-01FFhx14,0F00h-0F7Fh -ABANK0=080h-0FFh \
  -ABANK1=0100h-01FFh -ABANK2=0200h-02FFh -ABANK3=0300h-03FFh \
  -ABANK4=0400h-04FFh -ABANK5=0500h-05FFh -ABANK6=0600h-06FFh \
  -ABANK7=0700h-07FFh -ABANK8=0800h-08FFh -ABANK9=0900h-09FFh \
  -ABANK10=0A00h-0AFFh -ABANK11=0B00h-0BFFh -ABANK12=0C00h-0CFFh \
  -ABANK13=0D00h-0DFFh -ABANK14=0E00h-0EFFh -ABANK15=0F00h-0F7Fh \
  -ASFR=0F80h-0FFFh -ABIGSFR=0F80h-0FFFh -ACONFIG=0300000h-030000Dh \
  -AIDLOC=0200000h-0200007h -AEEDATA=0F00000h-0F003FFh -peeprom_data=EEDATA \
  -preset_vec=00h,intcode=8h,intcodelo=18h,powerup,init -pramtop=01000h \
  -psmallconst=SMALLCONST -pmediumconst=MEDIUMCONST -pconst=CONST \
  -AFARRAM=00h-00h \
  -prdata=COMRAM,nvrram=COMRAM,nvbit=COMRAM,rbss=COMRAM,rbit=COMRAM \
  -pfarbss=FARRAM,fardata=FARRAM,nvFARRAM=FARRAM \
  -pintsave_regs=BIGRAM,bigbss=BIGRAM,bigdata=BIGRAM -pbss=RAM \
  -pidata=CODE,irdata=CODE,ibigdata=CODE,ifardata=CODE -prparam=COMRAM \
  C:\Users\USER\AppData\Local\Temp\xcAscfs.\driver_tmp_9.o \
  dist/default/debug\PROGRAM.debug.o 

Object code version is 3.11

Machine type is 18F4620



                Name                               Link     Load   Length Selector   Space Scale
C:\Users\USER\AppData\Local\Temp\xcAscfs.\driver_tmp_9.o
                config                           300000   300000        E        0       4
                init                                 46       46        4        C       0
                reset_vec                             0        0        4        0       0
dist/default/debug\PROGRAM.debug.o
                intcodelo                            18       18       2E        C       0
                intcode                               8        8        6        4       0
                config                           300000   300000        E        0       4
                temp                                 55       55        1        1       1
                smallconst                         1000     1000       12      800       0
                text13                             142E     142E        4      809       0
                text12                             142A     142A        4      809       0
                intcode_body                       1282     1282       46      809       0
                text10                             1426     1426        4      809       0
                text8                              10EA     10EA       B8      809       0
                text7                              1012     1012       D8      809       0
                text6                              13BC     13BC       2E      809       0
                text5                              140E     140E       18      809       0
                text4                              122E     122E       54      809       0
                text3                              1308     1308       40      809       0
                text2                              1348     1348       3E      809       0
                text1                              11A2     11A2       8C      809       0
                text0                              12C8     12C8       40      809       0
                cstackCOMRAM                         4B       4B        A        1       1
                dataCOMRAM                           27       27       24        1       1
                bssCOMRAM                             1        1       26        1       1
                cinit                              1386     1386       36      809       0
                idataCOMRAM                        13EA     13EA       24      809       0

TOTAL           Name                               Link     Load   Length     Space
        CLASS   CODE           
                intcodelo                            18       18       2E         0
                intcode                               8        8        6         0
                init                                 46       46        4         0
                reset_vec                             0        0        4         0
                text13                             142E     142E        4         0
                text12                             142A     142A        4         0
                intcode_body                       1282     1282       46         0
                text10                             1426     1426        4         0
                text8                              10EA     10EA       B8         0
                text7                              1012     1012       D8         0
                text6                              13BC     13BC       2E         0
                text5                              140E     140E       18         0
                text4                              122E     122E       54         0
                text3                              1308     1308       40         0
                text2                              1348     1348       3E         0
                text1                              11A2     11A2       8C         0
                text0                              12C8     12C8       40         0
                cinit                              1386     1386       36         0
                idataCOMRAM                        13EA     13EA       24         0

        CLASS   CONST          

        CLASS   SMALLCONST     
                smallconst                         1000     1000       12         0

        CLASS   MEDIUMCONST    

        CLASS   COMRAM         
                temp                                 55       55        1         1
                cstackCOMRAM                         4B       4B        A         1
                dataCOMRAM                           27       27       24         1
                bssCOMRAM                             1        1       26         1

        CLASS   ABS1           

        CLASS   BIGRAM         

        CLASS   RAM            

        CLASS   BANK0          

        CLASS   BANK1          

        CLASS   BANK2          

        CLASS   BANK3          

        CLASS   BANK4          

        CLASS   BANK5          

        CLASS   BANK6          

        CLASS   BANK7          

        CLASS   BANK8          

        CLASS   BANK9          

        CLASS   BANK10         

        CLASS   BANK11         

        CLASS   BANK12         

        CLASS   BANK13         

        CLASS   BANK14         

        CLASS   BANK15         

        CLASS   SFR            

        CLASS   BIGSFR         

        CLASS   CONFIG         
                config                           300000   300000        E         4

        CLASS   IDLOC          

        CLASS   EEDATA         

        CLASS   FARRAM         

        CLASS   HEAP           

        CLASS   STACK          



SEGMENTS        Name                           Load    Length   Top    Selector   Space  Class

                reset_vec                      000000  000004  000004         0       0  CODE    
                bssCOMRAM                      000001  000055  000056         1       1  COMRAM  
                intcode                        000008  000006  00000E         4       0  CODE    
                intcodelo                      000018  000032  00004A         C       0  CODE    
                smallconst                     001000  000012  001012       800       0  SMALLCON
                text7                          001012  000420  001432       809       0  CODE    


UNUSED ADDRESS RANGES

        Name                Unused          Largest block    Delta
        BANK0            000080-0000FF               80
        BANK1            000100-0001FF              100
        BANK10           000A00-000AFF              100
        BANK11           000B00-000BFF              100
        BANK12           000C00-000CFF              100
        BANK13           000D00-000DFF              100
        BANK14           000E00-000EFF              100
        BANK15           000F00-000F7F               80
        BANK2            000200-0002FF              100
        BANK3            000300-0003FF              100
        BANK4            000400-0004FF              100
        BANK5            000500-0005FF              100
        BANK6            000600-0006FF              100
        BANK7            000700-0007FF              100
        BANK8            000800-0008FF              100
        BANK9            000900-0009FF              100
        BIGRAM           000056-000F7F              F2A
        BIGSFR           000F80-000FFF               80
        CODE             000004-000007                4
                         00000E-000017                A
                         00004A-000FFF              FB6
                         001432-00FFFF             EBCE
        COMRAM           000056-00007F               2A
        CONST            000004-000007                4
                         00000E-000017                A
                         00004A-000FFF              FB6
                         001432-00FFFF             EBCE
        EEDATA           F00000-F003FF              400
        IDLOC            200000-200007                8
        MEDIUMCONST      001432-00FFFF             EBCE
        RAM              000080-000F7F              100
        SFR              000F80-000FFF               80
        SMALLCONST       001432-00FFFF              100

                                  Symbol Table

ADC_Get_Conversion_Blocking@Conversion_Result cstackCOMRAM 000053
ADC_Get_Conversion_Blocking@_adc              cstackCOMRAM 000052
ADC_Get_Conversion_Blocking@adc_channel       cstackCOMRAM 000054
ADC_Get_Conversion_Result@Conversion_Result   cstackCOMRAM 00004D
ADC_Get_Conversion_Result@_adc                cstackCOMRAM 00004C
ADC_Get_Conversion_Result@ret                 cstackCOMRAM 000051
ADC_INIT@_adc                                 cstackCOMRAM 00004F
ADC_Select_Channel@_adc                       cstackCOMRAM 00004F
ADC_Select_Channel@adc_channel                cstackCOMRAM 000050
ADC_Start_Conversion@_adc                     cstackCOMRAM 00004C
_ADCON0bits                                   (abs)        000FC2
_ADCON1bits                                   (abs)        000FC1
_ADCON2bits                                   (abs)        000FC0
_ADC_Get_Conversion_Blocking                  text4        00122E
_ADC_Get_Conversion_Result                    text8        0010EA
_ADC_INIT                                     text1        0011A2
_ADC_Select_Channel                           text6        0013BC
_ADC_Start_Conversion                         text5        00140E
_ADRESH                                       (abs)        000FC4
_ADRESL                                       (abs)        000FC3
_EEADR                                        (abs)        000FA9
_EEADRH                                       (abs)        000FAA
_EECON1bits                                   (abs)        000FA6
_EECON2                                       (abs)        000FA7
_EEDATA                                       (abs)        000FA8
_INT0_ISR                                     text13       00142E
_INT0_IntrruptHandler                         bssCOMRAM    000015
_INT1_ISR                                     text12       00142A
_INT1_IntrruptHandler                         bssCOMRAM    000013
_INT2_ISR                                     text10       001426
_INT2_IntrruptHandler                         bssCOMRAM    000011
_INTCON2bits                                  (abs)        000FF1
_INTCON3bits                                  (abs)        000FF0
_INTCONbits                                   (abs)        000FF2
_Intrrupt_Manager_Higer_Priority              intcode      000008
_Intrrupt_Manager_Lower_Priority              intcodelo    000018
_LATA                                         (abs)        000F89
_LATB                                         (abs)        000F8A
_LATC                                         (abs)        000F8B
_LATD                                         (abs)        000F8C
_LATE                                         (abs)        000F8D
_Motor_pin1                                   bssCOMRAM    000023
_Motor_pin2                                   bssCOMRAM    000022
_PORTA                                        (abs)        000F80
_PORTB                                        (abs)        000F81
_PORTC                                        (abs)        000F82
_PORTD                                        (abs)        000F83
_PORTE                                        (abs)        000F84
_RB4_IntrruptHandler_High                     bssCOMRAM    00000F
_RB4_IntrruptHandler_Low                      bssCOMRAM    00000D
_RB4_flag                                     bssCOMRAM    00001A
_RB5_IntrruptHandler_High                     bssCOMRAM    00000B
_RB5_IntrruptHandler_Low                      bssCOMRAM    000009
_RB5_flag                                     bssCOMRAM    000019
_RB6_IntrruptHandler_High                     bssCOMRAM    000007
_RB6_IntrruptHandler_Low                      bssCOMRAM    000005
_RB6_flag                                     bssCOMRAM    000018
_RB7_IntrruptHandler_High                     bssCOMRAM    000003
_RB7_IntrruptHandler_Low                      bssCOMRAM    000001
_RB7_flag                                     bssCOMRAM    000017
_RCONbits                                     (abs)        000FD0
_TRISA                                        (abs)        000F92
_TRISB                                        (abs)        000F93
_TRISC                                        (abs)        000F94
_TRISD                                        (abs)        000F95
_TRISE                                        (abs)        000F96
__HRAM                                        (abs)        000000
__H__absolute__                               __absolute__ 000000
__Habs1                                       abs1         000000
__Hbank0                                      bank0        000000
__Hbank1                                      bank1        000000
__Hbank10                                     bank10       000000
__Hbank11                                     bank11       000000
__Hbank12                                     bank12       000000
__Hbank13                                     bank13       000000
__Hbank14                                     bank14       000000
__Hbank15                                     bank15       000000
__Hbank2                                      bank2        000000
__Hbank3                                      bank3        000000
__Hbank4                                      bank4        000000
__Hbank5                                      bank5        000000
__Hbank6                                      bank6        000000
__Hbank7                                      bank7        000000
__Hbank8                                      bank8        000000
__Hbank9                                      bank9        000000
__Hbigbss                                     bigbss       000000
__Hbigdata                                    bigdata      000000
__Hbigram                                     bigram       000000
__Hbigsfr                                     bigsfr       000000
__Hbss                                        bss          000000
__HbssCOMRAM                                  bssCOMRAM    000000
__Hcinit                                      cinit        000000
__Hclrtext                                    clrtext      000000
__Hcomram                                     comram       000000
__Hconfig                                     config       30000E
__Hconst                                      const        000000
__HcstackCOMRAM                               cstackCOMRAM 000000
__Hdata                                       data         000000
__HdataCOMRAM                                 dataCOMRAM   000000
__Heeprom_data                                eeprom_data  000000
__Hfarbss                                     farbss       000000
__Hfardata                                    fardata      000000
__Hheap                                       heap         000000
__Hibigdata                                   ibigdata     000000
__Hidata                                      idata        000000
__HidataCOMRAM                                idataCOMRAM  000000
__Hidloc                                      idloc        000000
__Hifardata                                   ifardata     000000
__Hinit                                       init         00004A
__Hintcode                                    intcode      00000E
__Hintcode_body                               intcode_body 000000
__Hintcodelo                                  intcodelo    000046
__Hintentry                                   intentry     000000
__Hintret                                     intret       000000
__Hintsave_regs                               intsave_regs 000000
__Hirdata                                     irdata       000000
__Hmediumconst                                mediumconst  000000
__HnvFARRAM                                   nvFARRAM     000000
__Hnvbit                                      nvbit        000000
__Hnvrram                                     nvrram       000000
__Hparam                                      rparam       000000
__Hpowerup                                    powerup      000046
__Hram                                        ram          000000
__Hramtop                                     ramtop       001000
__Hrbit                                       rbit         000000
__Hrbss                                       rbss         000000
__Hrdata                                      rdata        000000
__Hreset_vec                                  reset_vec    000004
__Hrparam                                     rparam       000000
__Hsfr                                        sfr          000000
__Hsivt_hi                                    sivt_hi      000000
__Hsivt_lo                                    sivt_lo      000000
__Hsmallconst                                 smallconst   001012
__Hspace_0                                    (abs)        001432
__Hspace_1                                    (abs)        000056
__Hspace_2                                    (abs)        000000
__Hspace_4                                    (abs)        60000E
__Hstack                                      stack        000000
__Hstruct                                     struct       000000
__Htemp                                       temp         000056
__Htext                                       text         000000
__Htext0                                      text0        000000
__Htext1                                      text1        000000
__Htext10                                     text10       000000
__Htext12                                     text12       000000
__Htext13                                     text13       000000
__Htext2                                      text2        000000
__Htext3                                      text3        000000
__Htext4                                      text4        000000
__Htext5                                      text5        000000
__Htext6                                      text6        000000
__Htext7                                      text7        000000
__Htext8                                      text8        000000
__LRAM                                        (abs)        000001
__L__absolute__                               __absolute__ 000000
__Labs1                                       abs1         000000
__Lbank0                                      bank0        000000
__Lbank1                                      bank1        000000
__Lbank10                                     bank10       000000
__Lbank11                                     bank11       000000
__Lbank12                                     bank12       000000
__Lbank13                                     bank13       000000
__Lbank14                                     bank14       000000
__Lbank15                                     bank15       000000
__Lbank2                                      bank2        000000
__Lbank3                                      bank3        000000
__Lbank4                                      bank4        000000
__Lbank5                                      bank5        000000
__Lbank6                                      bank6        000000
__Lbank7                                      bank7        000000
__Lbank8                                      bank8        000000
__Lbank9                                      bank9        000000
__Lbigbss                                     bigbss       000000
__Lbigdata                                    bigdata      000000
__Lbigram                                     bigram       000000
__Lbigsfr                                     bigsfr       000000
__Lbss                                        bss          000000
__LbssCOMRAM                                  bssCOMRAM    000000
__Lcinit                                      cinit        000000
__Lclrtext                                    clrtext      000000
__Lcomram                                     comram       000000
__Lconfig                                     config       000000
__Lconst                                      const        000000
__LcstackCOMRAM                               cstackCOMRAM 000000
__Ldata                                       data         000000
__LdataCOMRAM                                 dataCOMRAM   000000
__Leeprom_data                                eeprom_data  000000
__Lfarbss                                     farbss       000000
__Lfardata                                    fardata      000000
__Lheap                                       heap         000000
__Libigdata                                   ibigdata     000000
__Lidata                                      idata        000000
__LidataCOMRAM                                idataCOMRAM  000000
__Lidloc                                      idloc        000000
__Lifardata                                   ifardata     000000
__Linit                                       init         000046
__Lintcode                                    intcode      000008
__Lintcode_body                               intcode_body 000000
__Lintcodelo                                  intcodelo    000018
__Lintentry                                   intentry     000000
__Lintret                                     intret       000000
__Lintsave_regs                               intsave_regs 000000
__Lirdata                                     irdata       000000
__Lmediumconst                                mediumconst  000000
__LnvFARRAM                                   nvFARRAM     000000
__Lnvbit                                      nvbit        000000
__Lnvrram                                     nvrram       000000
__Lparam                                      rparam       000000
__Lpowerup                                    powerup      000046
__Lram                                        ram          000000
__Lramtop                                     ramtop       001000
__Lrbit                                       rbit         000000
__Lrbss                                       rbss         000000
__Lrdata                                      rdata        000000
__Lreset_vec                                  reset_vec    000000
__Lrparam                                     rparam       000000
__Lsfr                                        sfr          000000
__Lsivt_hi                                    sivt_hi      000000
__Lsivt_lo                                    sivt_lo      000000
__Lsmallconst                                 smallconst   001000
__Lspace_0                                    (abs)        000000
__Lspace_1                                    (abs)        000000
__Lspace_2                                    (abs)        000000
__Lspace_4                                    (abs)        000000
__Lstack                                      stack        000000
__Lstruct                                     struct       000000
__Ltemp                                       temp         000055
__Ltext                                       text         000000
__Ltext0                                      text0        000000
__Ltext1                                      text1        000000
__Ltext10                                     text10       000000
__Ltext12                                     text12       000000
__Ltext13                                     text13       000000
__Ltext2                                      text2        000000
__Ltext3                                      text3        000000
__Ltext4                                      text4        000000
__Ltext5                                      text5        000000
__Ltext6                                      text6        000000
__Ltext7                                      text7        000000
__Ltext8                                      text8        000000
__S0                                          (abs)        001432
__S1                                          (abs)        000056
__S4                                          (abs)        000000
__S5                                          (abs)        000000
___heap_hi                                    (abs)        000000
___heap_lo                                    (abs)        000000
___inthi_sp                                   stack        000000
___inthi_stack_hi                             stack        000000
___inthi_stack_lo                             stack        000000
___intlo_sp                                   stack        000000
___intlo_stack_hi                             stack        000000
___intlo_stack_lo                             stack        000000
___param_bank                                 (abs)        000000
___rparam_used                                (abs)        000001
___sp                                         stack        000000
___stack_hi                                   stack        000000
___stack_lo                                   stack        000000
__accesstop                                   (abs)        000080
__activetblptr                                (abs)        000003
__end_of_ADC_Get_Conversion_Blocking          text4        001282
__end_of_ADC_Get_Conversion_Result            text8        0011A2
__end_of_ADC_INIT                             text1        00122E
__end_of_ADC_Select_Channel                   text6        0013EA
__end_of_ADC_Start_Conversion                 text5        001426
__end_of_INT0_ISR                             text13       001432
__end_of_INT1_ISR                             text12       00142E
__end_of_INT2_ISR                             text10       00142A
__end_of_Intrrupt_Manager_Higer_Priority      intcode_body 0012C8
__end_of_Intrrupt_Manager_Lower_Priority      intcodelo    000046
__end_of__initialization                      cinit        0013B2
__end_of_button_values                        smallconst   001011
__end_of_main                                 text0        001308
__end_of_select_Result_Formant                text3        001348
__end_of_select_Voltage_Refernce              text2        001386
__end_of_select_input_pin_channel             text7        0010EA
__initialization                              cinit        001386
__mediumconst                                 mediumconst  000000
__pbssCOMRAM                                  bssCOMRAM    000001
__pcinit                                      cinit        001386
__pcstackCOMRAM                               cstackCOMRAM 00004B
__pdataCOMRAM                                 dataCOMRAM   000027
__pidataCOMRAM                                idataCOMRAM  0013EA
__pintcode                                    intcode      000008
__pintcode_body                               intcode_body 001282
__pintcodelo                                  intcodelo    000018
__psmallconst                                 smallconst   001000
__ptext0                                      text0        0012C8
__ptext1                                      text1        0011A2
__ptext10                                     text10       001426
__ptext12                                     text12       00142A
__ptext13                                     text13       00142E
__ptext2                                      text2        001348
__ptext3                                      text3        001308
__ptext4                                      text4        00122E
__ptext5                                      text5        00140E
__ptext6                                      text6        0013BC
__ptext7                                      text7        001012
__ptext8                                      text8        0010EA
__ramtop                                      ramtop       001000
__smallconst                                  smallconst   001000
_adc_1                                        dataCOMRAM   000045
_button_values                                smallconst   001001
_lat_register                                 dataCOMRAM   000027
_main                                         text0        0012C8
_port_register                                dataCOMRAM   000031
_pot_1                                        bssCOMRAM    000026
_pot_2                                        bssCOMRAM    000025
_pot_3                                        bssCOMRAM    000024
_select_Result_Formant                        text3        001308
_select_Voltage_Refernce                      text2        001348
_select_input_pin_channel                     text7        001012
_tris_register                                dataCOMRAM   00003B
btemp                                         temp         000055
end_of_initialization                         cinit        0013B2
int$flags                                     temp         000055
int_func                                      intcode_body 001282
intlevel0                                     text         000000
intlevel1                                     text         000000
intlevel2                                     text         000000
intlevel3                                     text         000000
isa$std                                       (abs)        000001
isa$xinst                                     (abs)        000000
led_initialize@F2894                          bssCOMRAM    000021
led_turn_off@F2904                            bssCOMRAM    00001F
led_turn_on@F2899                             bssCOMRAM    000020
led_turn_toggle@F2909                         bssCOMRAM    00001E
reley_initialize@F2888                        bssCOMRAM    00001D
reley_turn_off@F2898                          bssCOMRAM    00001B
reley_turn_on@F2893                           bssCOMRAM    00001C
select_Result_Formant@adc                     cstackCOMRAM 00004C
select_Voltage_Refernce@adc                   cstackCOMRAM 00004C
select_input_pin_channel@channel              cstackCOMRAM 00004E
stackhi                                       (abs)        000000
stacklo                                       (abs)        000000
start                                         init         000046
start_initialization                          cinit        001386
ttemp5                                        temp         000056
ttemp6                                        temp         000059
ttemp7                                        temp         00005D
wtemp8                                        temp         000056


MODULE INFORMATION

Module		Function		Class		Link	Load	Size
MCAL_Layer/intrrupt/mcal_intrrupt_manager.c
		_Intrrupt_Manager_Lower_Priority		CODE           	0018	0000	46
		_Intrrupt_Manager_Higer_Priority		CODE           	0008	0000	76

MCAL_Layer/intrrupt/mcal_intrrupt_manager.c estimated size: 122

shared
		_button_values 		SMALLCONST     	1001	0000	16
		__initialization		CODE           	1386	0000	44

shared estimated size: 60

MCAL_Layer/ADC/hal_adc.c
		_ADC_Start_Conversion		CODE           	140E	0000	24
		_ADC_Select_Channel		CODE           	13BC	0000	46
		_select_Result_Formant		CODE           	1308	0000	64
		_ADC_Get_Conversion_Result		CODE           	10EA	0000	184
		_ADC_Get_Conversion_Blocking		CODE           	122E	0000	84
		_select_input_pin_channel		CODE           	1012	0000	216
		_ADC_INIT      		CODE           	11A2	0000	140
		_select_Voltage_Refernce		CODE           	1348	0000	62

MCAL_Layer/ADC/hal_adc.c estimated size: 820

MCAL_Layer/intrrupt/mcal_external_intrrupt.c
		_INT0_ISR      		CODE           	142E	0000	4
		_INT1_ISR      		CODE           	142A	0000	4
		_INT2_ISR      		CODE           	1426	0000	4

MCAL_Layer/intrrupt/mcal_external_intrrupt.c estimated size: 12

application.c
		_main          		CODE           	12C8	0000	64

application.c estimated size: 64

